[    0.000000] Linux version 4.15.0-65-generic (buildd@lgw01-amd64-006) (gcc version 7.4.0 (Ubuntu 7.4.0-1ubuntu1~18.04.1)) #74-Ubuntu SMP Tue Sep 17 17:06:04 UTC 2019 (Ubuntu 4.15.0-65.74-generic 4.15.18)
[    0.000000] Command line: BOOT_IMAGE=/boot/vmlinuz-4.15.0-65-generic root=LABEL=cloudimg-rootfs ro console=tty1 console=ttyS0
[    0.000000] KERNEL supported cpus:
[    0.000000]   Intel GenuineIntel
[    0.000000]   AMD AuthenticAMD
[    0.000000]   Centaur CentaurHauls
[    0.000000] x86/fpu: Supporting XSAVE feature 0x001: 'x87 floating point registers'
[    0.000000] x86/fpu: Supporting XSAVE feature 0x002: 'SSE registers'
[    0.000000] x86/fpu: Supporting XSAVE feature 0x004: 'AVX registers'
[    0.000000] x86/fpu: xstate_offset[2]:  576, xstate_sizes[2]:  256
[    0.000000] x86/fpu: Enabled xstate features 0x7, context size is 832 bytes, using 'standard' format.
[    0.000000] e820: BIOS-provided physical RAM map:
[    0.000000] BIOS-e820: [mem 0x0000000000000000-0x000000000009fbff] usable
[    0.000000] BIOS-e820: [mem 0x000000000009fc00-0x000000000009ffff] reserved
[    0.000000] BIOS-e820: [mem 0x00000000000f0000-0x00000000000fffff] reserved
[    0.000000] BIOS-e820: [mem 0x0000000000100000-0x000000003ffeffff] usable
[    0.000000] BIOS-e820: [mem 0x000000003fff0000-0x000000003fffffff] ACPI data
[    0.000000] BIOS-e820: [mem 0x00000000fec00000-0x00000000fec00fff] reserved
[    0.000000] BIOS-e820: [mem 0x00000000fee00000-0x00000000fee00fff] reserved
[    0.000000] BIOS-e820: [mem 0x00000000fffc0000-0x00000000ffffffff] reserved
[    0.000000] NX (Execute Disable) protection: active
[    0.000000] SMBIOS 2.5 present.
[    0.000000] DMI: innotek GmbH VirtualBox/VirtualBox, BIOS VirtualBox 12/01/2006
[    0.000000] Hypervisor detected: KVM
[    0.000000] e820: last_pfn = 0x3fff0 max_arch_pfn = 0x400000000
[    0.000000] MTRR: Disabled
[    0.000000] x86/PAT: MTRRs disabled, skipping PAT initialization too.
[    0.000000] CPU MTRRs all blank - virtualized system.
[    0.000000] x86/PAT: Configuration [0-7]: WB  WT  UC- UC  WB  WT  UC- UC  
[    0.000000] found SMP MP-table at [mem 0x0009fff0-0x0009ffff]
[    0.000000] Scanning 1 areas for low memory corruption
[    0.000000] RAMDISK: [mem 0x35a8b000-0x36d3cfff]
[    0.000000] ACPI: Early table checksum verification disabled
[    0.000000] ACPI: RSDP 0x00000000000E0000 000024 (v02 VBOX  )
[    0.000000] ACPI: XSDT 0x000000003FFF0030 00003C (v01 VBOX   VBOXXSDT 00000001 ASL  00000061)
[    0.000000] ACPI: FACP 0x000000003FFF00F0 0000F4 (v04 VBOX   VBOXFACP 00000001 ASL  00000061)
[    0.000000] ACPI: DSDT 0x000000003FFF0470 0022EA (v02 VBOX   VBOXBIOS 00000002 INTL 20100528)
[    0.000000] ACPI: FACS 0x000000003FFF0200 000040
[    0.000000] ACPI: FACS 0x000000003FFF0200 000040
[    0.000000] ACPI: APIC 0x000000003FFF0240 000054 (v02 VBOX   VBOXAPIC 00000001 ASL  00000061)
[    0.000000] ACPI: SSDT 0x000000003FFF02A0 0001CC (v01 VBOX   VBOXCPUT 00000002 INTL 20100528)
[    0.000000] No NUMA configuration found
[    0.000000] Faking a node at [mem 0x0000000000000000-0x000000003ffeffff]
[    0.000000] NODE_DATA(0) allocated [mem 0x3ffc5000-0x3ffeffff]
[    0.000000] kvm-clock: cpu 0, msr 0:3ff44001, primary cpu clock
[    0.000000] kvm-clock: Using msrs 4b564d01 and 4b564d00
[    0.000000] kvm-clock: using sched offset of 10032929180 cycles
[    0.000000] clocksource: kvm-clock: mask: 0xffffffffffffffff max_cycles: 0x1cd42e4dffb, max_idle_ns: 881590591483 ns
[    0.000000] Zone ranges:
[    0.000000]   DMA      [mem 0x0000000000001000-0x0000000000ffffff]
[    0.000000]   DMA32    [mem 0x0000000001000000-0x000000003ffeffff]
[    0.000000]   Normal   empty
[    0.000000]   Device   empty
[    0.000000] Movable zone start for each node
[    0.000000] Early memory node ranges
[    0.000000]   node   0: [mem 0x0000000000001000-0x000000000009efff]
[    0.000000]   node   0: [mem 0x0000000000100000-0x000000003ffeffff]
[    0.000000] Reserved but unavailable: 98 pages
[    0.000000] Initmem setup node 0 [mem 0x0000000000001000-0x000000003ffeffff]
[    0.000000] ACPI: PM-Timer IO Port: 0x4008
[    0.000000] IOAPIC[0]: apic_id 1, version 32, address 0xfec00000, GSI 0-23
[    0.000000] ACPI: INT_SRC_OVR (bus 0 bus_irq 0 global_irq 2 dfl dfl)
[    0.000000] ACPI: INT_SRC_OVR (bus 0 bus_irq 9 global_irq 9 low level)
[    0.000000] Using ACPI (MADT) for SMP configuration information
[    0.000000] smpboot: Allowing 1 CPUs, 0 hotplug CPUs
[    0.000000] PM: Registered nosave memory: [mem 0x00000000-0x00000fff]
[    0.000000] PM: Registered nosave memory: [mem 0x0009f000-0x0009ffff]
[    0.000000] PM: Registered nosave memory: [mem 0x000a0000-0x000effff]
[    0.000000] PM: Registered nosave memory: [mem 0x000f0000-0x000fffff]
[    0.000000] e820: [mem 0x40000000-0xfebfffff] available for PCI devices
[    0.000000] Booting paravirtualized kernel on KVM
[    0.000000] clocksource: refined-jiffies: mask: 0xffffffff max_cycles: 0xffffffff, max_idle_ns: 7645519600211568 ns
[    0.000000] random: get_random_bytes called from start_kernel+0x99/0x4fd with crng_init=0
[    0.000000] setup_percpu: NR_CPUS:8192 nr_cpumask_bits:1 nr_cpu_ids:1 nr_node_ids:1
[    0.000000] percpu: Embedded 46 pages/cpu s151552 r8192 d28672 u2097152
[    0.000000] PV qspinlock hash table entries: 256 (order: 0, 4096 bytes)
[    0.000000] Built 1 zonelists, mobility grouping on.  Total pages: 257913
[    0.000000] Policy zone: DMA32
[    0.000000] Kernel command line: BOOT_IMAGE=/boot/vmlinuz-4.15.0-65-generic root=LABEL=cloudimg-rootfs ro console=tty1 console=ttyS0
[    0.000000] Memory: 983620K/1048120K available (12300K kernel code, 2481K rwdata, 4256K rodata, 2436K init, 2388K bss, 64500K reserved, 0K cma-reserved)
[    0.000000] SLUB: HWalign=64, Order=0-3, MinObjects=0, CPUs=1, Nodes=1
[    0.000000] Kernel/User page tables isolation: enabled
[    0.000000] ftrace: allocating 39301 entries in 154 pages
[    0.004000] Hierarchical RCU implementation.
[    0.004000] 	RCU restricting CPUs from NR_CPUS=8192 to nr_cpu_ids=1.
[    0.004000] 	Tasks RCU enabled.
[    0.004000] RCU: Adjusting geometry for rcu_fanout_leaf=16, nr_cpu_ids=1
[    0.004000] NR_IRQS: 524544, nr_irqs: 256, preallocated irqs: 16
[    0.004000] Console: colour VGA+ 80x25
[    0.004000] console [tty1] enabled
[    0.004000] console [ttyS0] enabled
[    0.004000] ACPI: Core revision 20170831
[    0.004000] ACPI: 2 ACPI AML tables successfully acquired and loaded
[    0.004000] APIC: Switch to symmetric I/O mode setup
[    0.004161] x2apic enabled
[    0.006394] Switched APIC routing to physical x2apic.
[    0.012000] ..TIMER: vector=0x30 apic1=0 pin1=2 apic2=-1 pin2=-1
[    0.012010] tsc: Detected 3092.976 MHz processor
[    0.016017] Calibrating delay loop (skipped) preset value.. 6185.95 BogoMIPS (lpj=12371904)
[    0.020012] pid_max: default: 32768 minimum: 301
[    0.022521] Security Framework initialized
[    0.024011] Yama: becoming mindful.
[    0.025614] AppArmor: AppArmor initialized
[    0.032095] Dentry cache hash table entries: 131072 (order: 8, 1048576 bytes)
[    0.036176] Inode-cache hash table entries: 65536 (order: 7, 524288 bytes)
[    0.040050] Mount-cache hash table entries: 2048 (order: 2, 16384 bytes)
[    0.044025] Mountpoint-cache hash table entries: 2048 (order: 2, 16384 bytes)
[    0.052285] process: using mwait in idle threads
[    0.056023] Last level iTLB entries: 4KB 512, 2MB 8, 4MB 8
[    0.058581] Last level dTLB entries: 4KB 512, 2MB 32, 4MB 32, 1GB 0
[    0.060011] Spectre V1 : Mitigation: usercopy/swapgs barriers and __user pointer sanitization
[    0.064011] Spectre V2 : Mitigation: Full generic retpoline
[    0.068008] Spectre V2 : Spectre v2 / SpectreRSB mitigation: Filling RSB on context switch
[    0.071497] Speculative Store Bypass: Vulnerable
[    0.072065] MDS: Vulnerable: Clear CPU buffers attempted, no microcode
[    0.094230] Freeing SMP alternatives memory: 36K
[    0.208250] smpboot: CPU0: Intel(R) Core(TM) i3-2100 CPU @ 3.10GHz (family: 0x6, model: 0x2a, stepping: 0x7)
[    0.212000] Performance Events: unsupported p6 CPU model 42 no PMU driver, software events only.
[    0.212085] Hierarchical SRCU implementation.
[    0.215105] NMI watchdog: Perf event create on CPU 0 failed with -2
[    0.216010] NMI watchdog: Perf NMI watchdog permanently disabled
[    0.220106] smp: Bringing up secondary CPUs ...
[    0.224008] smp: Brought up 1 node, 1 CPU
[    0.225839] smpboot: Max logical packages: 1
[    0.228009] smpboot: Total of 1 processors activated (6185.95 BogoMIPS)
[    0.232326] devtmpfs: initialized
[    0.236222] x86/mm: Memory block size: 128MB
[    0.240611] evm: security.selinux
[    0.244020] evm: security.SMACK64
[    0.248012] evm: security.SMACK64EXEC
[    0.252013] evm: security.SMACK64TRANSMUTE
[    0.256012] evm: security.SMACK64MMAP
[    0.260011] evm: security.apparmor
[    0.261737] evm: security.ima
[    0.264012] evm: security.capability
[    0.266131] clocksource: jiffies: mask: 0xffffffff max_cycles: 0xffffffff, max_idle_ns: 7645041785100000 ns
[    0.268027] futex hash table entries: 256 (order: 2, 16384 bytes)
[    0.272113] pinctrl core: initialized pinctrl subsystem
[    0.276283] RTC time:  8:40:12, date: 12/03/19
[    0.284147] NET: Registered protocol family 16
[    0.288332] audit: initializing netlink subsys (disabled)
[    0.292527] cpuidle: using governor ladder
[    0.296023] audit: type=2000 audit(1575362423.710:1): state=initialized audit_enabled=0 res=1
[    0.300025] cpuidle: using governor menu
[    0.304181] ACPI: bus type PCI registered
[    0.307050] acpiphp: ACPI Hot Plug PCI Controller Driver version: 0.5
[    0.312068] PCI: Using configuration type 1 for base access
[    0.318029] HugeTLB registered 2.00 MiB page size, pre-allocated 0 pages
[    0.328406] ACPI: Added _OSI(Module Device)
[    0.332012] ACPI: Added _OSI(Processor Device)
[    0.334361] ACPI: Added _OSI(3.0 _SCP Extensions)
[    0.336013] ACPI: Added _OSI(Processor Aggregator Device)
[    0.340035] ACPI: Added _OSI(Linux-Dell-Video)
[    0.342108] ACPI: Added _OSI(Linux-Lenovo-NV-HDMI-Audio)
[    0.344010] ACPI: Added _OSI(Linux-HPI-Hybrid-Graphics)
[    0.348599] ACPI: Executed 1 blocks of module-level executable AML code
[    0.370394] ACPI: Interpreter enabled
[    0.371855] ACPI: (supports S0 S5)
[    0.372007] ACPI: Using IOAPIC for interrupt routing
[    0.374387] PCI: Using host bridge windows from ACPI; if necessary, use "pci=nocrs" and report a bug
[    0.381204] ACPI: Enabled 2 GPEs in block 00 to 07
[    0.413814] ACPI: PCI Root Bridge [PCI0] (domain 0000 [bus 00-ff])
[    0.416025] acpi PNP0A03:00: _OSC: OS supports [ASPM ClockPM Segments MSI]
[    0.422672] acpi PNP0A03:00: _OSC: not requesting OS control; OS requires [ExtendedConfig ASPM ClockPM MSI]
[    0.424055] acpi PNP0A03:00: fail to add MMCONFIG information, can't access extended PCI configuration space under this bridge.
[    0.432932] PCI host bridge to bus 0000:00
[    0.434602] pci_bus 0000:00: root bus resource [io  0x0000-0x0cf7 window]
[    0.436014] pci_bus 0000:00: root bus resource [io  0x0d00-0xffff window]
[    0.440010] pci_bus 0000:00: root bus resource [mem 0x000a0000-0x000bffff window]
[    0.444014] pci_bus 0000:00: root bus resource [mem 0x40000000-0xfdffffff window]
[    0.447143] pci_bus 0000:00: root bus resource [bus 00-ff]
[    0.459486] pci 0000:00:01.1: legacy IDE quirk: reg 0x10: [io  0x01f0-0x01f7]
[    0.460019] pci 0000:00:01.1: legacy IDE quirk: reg 0x14: [io  0x03f6]
[    0.464016] pci 0000:00:01.1: legacy IDE quirk: reg 0x18: [io  0x0170-0x0177]
[    0.468017] pci 0000:00:01.1: legacy IDE quirk: reg 0x1c: [io  0x0376]
[    0.512103] pci 0000:00:07.0: quirk: [io  0x4000-0x403f] claimed by PIIX4 ACPI
[    0.516045] pci 0000:00:07.0: quirk: [io  0x4100-0x410f] claimed by PIIX4 SMB
[    0.543520] ACPI: PCI Interrupt Link [LNKA] (IRQs 5 9 10 *11)
[    0.548614] ACPI: PCI Interrupt Link [LNKB] (IRQs 5 9 *10 11)
[    0.551804] ACPI: PCI Interrupt Link [LNKC] (IRQs 5 *9 10 11)
[    0.552527] ACPI: PCI Interrupt Link [LNKD] (IRQs 5 9 10 *11)
[    0.556917] SCSI subsystem initialized
[    0.560737] pci 0000:00:02.0: vgaarb: setting as boot VGA device
[    0.564000] pci 0000:00:02.0: vgaarb: VGA device added: decodes=io+mem,owns=io+mem,locks=none
[    0.564017] pci 0000:00:02.0: vgaarb: bridge control possible
[    0.568011] vgaarb: loaded
[    0.569355] ACPI: bus type USB registered
[    0.572057] usbcore: registered new interface driver usbfs
[    0.576057] usbcore: registered new interface driver hub
[    0.580056] usbcore: registered new device driver usb
[    0.584169] EDAC MC: Ver: 3.0.0
[    0.588736] PCI: Using ACPI for IRQ routing
[    0.592910] NetLabel: Initializing
[    0.594929] NetLabel:  domain hash size = 128
[    0.596011] NetLabel:  protocols = UNLABELED CIPSOv4 CALIPSO
[    0.599438] NetLabel:  unlabeled traffic allowed by default
[    0.600323] clocksource: Switched to clocksource kvm-clock
[    0.905840] VFS: Disk quotas dquot_6.6.0
[    0.915614] VFS: Dquot-cache hash table entries: 512 (order 0, 4096 bytes)
[    0.925014] AppArmor: AppArmor Filesystem Enabled
[    0.930542] pnp: PnP ACPI init
[    0.937808] pnp: PnP ACPI: found 3 devices
[    0.951007] clocksource: acpi_pm: mask: 0xffffff max_cycles: 0xffffff, max_idle_ns: 2085701024 ns
[    0.959215] NET: Registered protocol family 2
[    0.964402] TCP established hash table entries: 8192 (order: 4, 65536 bytes)
[    0.967802] TCP bind hash table entries: 8192 (order: 5, 131072 bytes)
[    0.973538] TCP: Hash tables configured (established 8192 bind 8192)
[    0.977792] UDP hash table entries: 512 (order: 2, 16384 bytes)
[    0.980636] UDP-Lite hash table entries: 512 (order: 2, 16384 bytes)
[    0.984086] NET: Registered protocol family 1
[    0.987352] pci 0000:00:00.0: Limiting direct PCI/PCI transfers
[    0.990362] pci 0000:00:01.0: Activating ISA DMA hang workarounds
[    0.995145] pci 0000:00:02.0: Video device with shadowed ROM at [mem 0x000c0000-0x000dffff]
[    1.001097] Unpacking initramfs...
[    2.927284] Freeing initrd memory: 19144K
[    2.929285] clocksource: tsc: mask: 0xffffffffffffffff max_cycles: 0x2c955c383c9, max_idle_ns: 440795294255 ns
[    2.933074] platform rtc_cmos: registered platform RTC device (no PNP device found)
[    2.936503] Scanning for low memory corruption every 60 seconds
[    2.939909] Initialise system trusted keyrings
[    2.942405] Key type blacklist registered
[    2.944597] workingset: timestamp_bits=36 max_order=18 bucket_order=0
[    2.951306] zbud: loaded
[    2.991198] squashfs: version 4.0 (2009/01/31) Phillip Lougher
[    2.993806] fuse init (API version 7.26)
[    2.998302] Key type asymmetric registered
[    3.000183] Asymmetric key parser 'x509' registered
[    3.002733] Block layer SCSI generic (bsg) driver version 0.4 loaded (major 246)
[    3.006368] io scheduler noop registered
[    3.008065] io scheduler deadline registered
[    3.010093] io scheduler cfq registered (default)
[    3.012890] ACPI: AC Adapter [AC] (on-line)
[    3.015016] input: Power Button as /devices/LNXSYSTM:00/LNXPWRBN:00/input/input0
[    3.020592] ACPI: Power Button [PWRF]
[    3.023098] input: Sleep Button as /devices/LNXSYSTM:00/LNXSLPBN:00/input/input1
[    3.027648] ACPI: Sleep Button [SLPF]
[    3.032625] virtio-pci 0000:00:03.0: virtio_pci: leaving for legacy driver
[    3.039655] virtio-pci 0000:00:08.0: virtio_pci: leaving for legacy driver
[    3.043086] Serial: 8250/16550 driver, 32 ports, IRQ sharing enabled
[    3.068329] 00:02: ttyS0 at I/O 0x3f8 (irq = 4, base_baud = 115200) is a 16550A
[    3.076908] Linux agpgart interface v0.103
[    3.082242] loop: module loaded
[    3.085006] scsi host0: ata_piix
[    3.088943] scsi host1: ata_piix
[    3.092125] ata1: PATA max UDMA/33 cmd 0x1f0 ctl 0x3f6 bmdma 0xd000 irq 14
[    3.095290] ata2: PATA max UDMA/33 cmd 0x170 ctl 0x376 bmdma 0xd008 irq 15
[    3.100567] libphy: Fixed MDIO Bus: probed
[    3.103426] tun: Universal TUN/TAP device driver, 1.6
[    3.106463] PPP generic driver version 2.4.2
[    3.108651] ehci_hcd: USB 2.0 'Enhanced' Host Controller (EHCI) Driver
[    3.114253] ehci-pci: EHCI PCI platform driver
[    3.116407] ehci-platform: EHCI generic platform driver
[    3.120034] ohci_hcd: USB 1.1 'Open' Host Controller (OHCI) Driver
[    3.125342] ohci-pci: OHCI PCI platform driver
[    3.127308] ohci-platform: OHCI generic platform driver
[    3.131232] uhci_hcd: USB Universal Host Controller Interface driver
[    3.134023] i8042: PNP: PS/2 Controller [PNP0303:PS2K,PNP0f03:PS2M] at 0x60,0x64 irq 1,12
[    3.139545] serio: i8042 KBD port at 0x60,0x64 irq 1
[    3.142026] serio: i8042 AUX port at 0x60,0x64 irq 12
[    3.144477] mousedev: PS/2 mouse device common for all mice
[    3.147191] input: AT Translated Set 2 keyboard as /devices/platform/i8042/serio0/input/input2
[    3.151840] rtc_cmos rtc_cmos: rtc core: registered rtc_cmos as rtc0
[    3.158788] rtc_cmos rtc_cmos: alarms up to one day, 114 bytes nvram
[    3.161593] i2c /dev entries driver
[    3.163291] device-mapper: uevent: version 1.0.3
[    3.165561] device-mapper: ioctl: 4.37.0-ioctl (2017-09-20) initialised: dm-devel@redhat.com
[    3.170290] ledtrig-cpu: registered to indicate activity on CPUs
[    3.176319] NET: Registered protocol family 10
[    3.187516] Segment Routing with IPv6
[    3.189433] NET: Registered protocol family 17
[    3.191700] Key type dns_resolver registered
[    3.194719] mce: Using 0 MCE banks
[    3.196290] RAS: Correctable Errors collector initialized.
[    3.198665] sched_clock: Marking stable (3198603289, 0)->(4021513801, -822910512)
[    3.203392] registered taskstats version 1
[    3.207118] Loading compiled-in X.509 certificates
[    3.217069] Loaded X.509 cert 'Build time autogenerated kernel key: 3a65b6a3c8b5d6b297d77c25be9161529933bc49'
[    3.222953] zswap: loaded using pool lzo/zbud
[    3.233026] Key type big_key registered
[    3.237058] Key type trusted registered
[    3.242554] Key type encrypted registered
[    3.244360] AppArmor: AppArmor sha1 policy hashing enabled
[    3.247211] ima: No TPM chip found, activating TPM-bypass! (rc=-19)
[    3.249746] ima: Allocated hash algorithm: sha1
[    3.252292] evm: HMAC attrs: 0x1
[    3.254768]   Magic number: 15:241:674
[    3.257636] rtc_cmos rtc_cmos: setting system clock to 2019-12-03 08:40:15 UTC (1575362415)
[    3.263850] BIOS EDD facility v0.16 2004-Jun-25, 0 devices found
[    3.266474] EDD information not available.
[    3.280088] Freeing unused kernel image memory: 2436K
[    3.288821] Write protecting the kernel read-only data: 20480k
[    3.291997] Freeing unused kernel image memory: 2008K
[    3.295155] Freeing unused kernel image memory: 1888K
[    3.339145] x86/mm: Checked W+X mappings: passed, no W+X pages found.
[    3.342343] x86/mm: Checking user space page tables
[    3.385712] x86/mm: Checked W+X mappings: passed, no W+X pages found.
Loading, please wait...
starting version 237
[    3.715367] Fusion MPT base driver 3.04.20
[    3.717357] Copyright (c) 1999-2008 LSI Corporation
[    3.763307] Fusion MPT SPI Host driver 3.04.20
[    3.809852] mptbase: ioc0: Initiating bringup
[    3.832013] virtio_net virtio0 enp0s3: renamed from eth0
[    3.845119] virtio_net virtio1 enp0s8: renamed from eth1
[    3.905516] ioc0: LSI53C1030 A0: Capabilities={Initiator}
[    3.938767] input: ImExPS/2 Generic Explorer Mouse as /devices/platform/i8042/serio1/input/input4
[    4.147867] scsi host2: ioc0: LSI53C1030 A0, FwRev=00000000h, Ports=1, MaxQ=256, IRQ=20
[    4.321517] scsi 2:0:0:0: Direct-Access     VBOX     HARDDISK         1.0  PQ: 0 ANSI: 5
[    4.326535] scsi target2:0:0: Beginning Domain Validation
[    4.329652] random: fast init done
[    4.332766] scsi target2:0:0: Domain Validation skipping write tests
[    4.336430] scsi target2:0:0: Ending Domain Validation
[    4.348003] scsi target2:0:0: asynchronous
[    4.350906] scsi 2:0:1:0: Direct-Access     VBOX     HARDDISK         1.0  PQ: 0 ANSI: 5
[    4.362323] scsi target2:0:1: Beginning Domain Validation
[    4.366927] scsi target2:0:1: Domain Validation skipping write tests
[    4.369926] scsi target2:0:1: Ending Domain Validation
[    4.372598] scsi target2:0:1: asynchronous
[    4.384571] random: systemd-udevd: uninitialized urandom read (16 bytes read)
[    4.389895] sd 2:0:0:0: [sda] 20971520 512-byte logical blocks: (10.7 GB/10.0 GiB)
[    4.393722] sd 2:0:0:0: Attached scsi generic sg0 type 0
[    4.395858] random: systemd-udevd: uninitialized urandom read (16 bytes read)
[    4.398807] sd 2:0:0:0: [sda] Write Protect is off
[    4.401343] sd 2:0:1:0: [sdb] 20480 512-byte logical blocks: (10.5 MB/10.0 MiB)
[    4.406073] sd 2:0:1:0: Attached scsi generic sg1 type 0
[    4.408610] random: systemd-udevd: uninitialized urandom read (16 bytes read)
[    4.411842] sd 2:0:0:0: [sda] Incomplete mode parameter data
[    4.414465] sd 2:0:0:0: [sda] Assuming drive cache: write through
[    4.417642] sd 2:0:1:0: [sdb] Write Protect is off
[    4.420691] sd 2:0:1:0: [sdb] Incomplete mode parameter data
[    4.423084] sd 2:0:1:0: [sdb] Assuming drive cache: write through
[    4.431803]  sda: sda1
[    4.436270] sd 2:0:0:0: [sda] Attached SCSI disk
[    4.443876] sd 2:0:1:0: [sdb] Attached SCSI disk
Begin: Loading essential drivers ... [    6.780357] raid6: sse2x1   gen()  2338 MB/s
[    6.828133] raid6: sse2x1   xor()  1320 MB/s
[    6.876476] raid6: sse2x2   gen()  4889 MB/s
[    6.928230] raid6: sse2x2   xor()  2224 MB/s
[    6.976093] raid6: sse2x4   gen()  5359 MB/s
[    7.024424] raid6: sse2x4   xor()  2768 MB/s
[    7.026434] raid6: using algorithm sse2x4 gen() 5359 MB/s
[    7.029230] raid6: .... xor() 2768 MB/s, rmw enabled
[    7.031279] raid6: using ssse3x2 recovery algorithm
[    7.038555] xor: automatically using best checksumming function   avx       
[    7.045434] async_tx: api initialized (async)
done.
Begin: Running /scripts/init-premount ... done.
Begin: Mounting root file system ... Begin: Running /scripts/local-top ... done.
Begin: Running /scripts/local-premount ... [    7.240210] Btrfs loaded, crc32c=crc32c-intel
Scanning for Btrfs filesystems
done.
Warning: fsck not present, so skipping root file system
[    7.310518] EXT4-fs (sda1): INFO: recovery required on readonly filesystem
[    7.313764] EXT4-fs (sda1): write access will be enabled during recovery
[    7.400845] EXT4-fs (sda1): orphan cleanup on readonly fs
[    7.403957] EXT4-fs (sda1): 6 orphan inodes deleted
[    7.408634] EXT4-fs (sda1): recovery complete
[    7.413112] EXT4-fs (sda1): mounted filesystem with ordered data mode. Opts: (null)
done.
Begin: Running /scripts/local-bottom ... done.
Begin: Running /scripts/init-bottom ... done.
[    7.886326] ip_tables: (C) 2000-2006 Netfilter Core Team
[    7.928296] systemd[1]: systemd 237 running in system mode. (+PAM +AUDIT +SELINUX +IMA +APPARMOR +SMACK +SYSVINIT +UTMP +LIBCRYPTSETUP +GCRYPT +GNUTLS +ACL +XZ +LZ4 +SECCOMP +BLKID +ELFUTILS +KMOD -IDN2 +IDN -PCRE2 default-hierarchy=hybrid)
[    7.937786] systemd[1]: Detected virtualization oracle.
[    7.941395] systemd[1]: Detected architecture x86-64.

Welcome to [1mUbuntu 18.04.3 LTS[0m!

[    7.954895] systemd[1]: Set hostname to <ubuntu-bionic>.
[    8.787886] systemd[1]: Created slice System Slice.
[[0;32m  OK  [0m] Created slice System Slice.
[    8.792422] systemd[1]: Listening on Device-mapper event daemon FIFOs.
[[0;32m  OK  [0m] Listening on Device-mapper event daemon FIFOs.
[    8.798504] systemd[1]: Listening on Network Service Netlink Socket.
[[0;32m  OK  [0m] Listening on Network Service Netlink Socket.
[    8.806574] systemd[1]: Listening on /dev/initctl Compatibility Named Pipe.
[[0;32m  OK  [0m] Listening on /dev/initctl Compatibility Named Pipe.
[    8.820701] systemd[1]: Listening on Journal Audit Socket.
[[0;32m  OK  [0m] Listening on Journal Audit Socket.
[    8.827309] systemd[1]: Listening on Syslog Socket.
[[0;32m  OK  [0m] Listening on Syslog Socket.
[[0;32m  OK  [0m] Set up automount Arbitrary Executabâ€¦rmats File System Automount Point.
[[0;32m  OK  [0m] Listening on LVM2 poll daemon socket.
[[0;32m  OK  [0m] Listening on udev Kernel Socket.
[[0;32m  OK  [0m] Created slice User and Session Slice.
[[0;32m  OK  [0m] Reached target Slices.
[[0;32m  OK  [0m] Started Forward Password Requests to Wall Directory Watch.
[[0;32m  OK  [0m] Listening on LVM2 metadata daemon socket.
[[0;32m  OK  [0m] Created slice system-serial\x2dgetty.slice.
[[0;32m  OK  [0m] Reached target System Time Synchronized.
[[0;32m  OK  [0m] Listening on udev Control Socket.
[[0;32m  OK  [0m] Listening on Journal Socket (/dev/log).
[[0;32m  OK  [0m] Listening on Journal Socket.
         Starting Set the console keyboard layout...
         Starting Monitoring of LVM2 mirrorsâ€¦ng dmeventd or progress polling...
         Starting Create list of required stâ€¦ce nodes for the current kernel...
         Starting Uncomplicated firewall...
         Starting Journal Service...
         Mounting Kernel Debug File System...
         Starting Load Kernel Modules...
         Starting Remount Root and Kernel File Systems...
[[0;32m  OK  [0m] Reached target User and Group Name Lookups.
         Mounting Huge Pages File System...
         Mounting POSIX Message Queue File System...
         Starting udev Coldplug all Devices...
[[0;32m  OK  [0m] Started Create list of required staâ€¦vice nodes for the current kernel.
[[0;32m  OK  [0m] Mounted Kernel Debug File System.
[[0;32m  OK  [0m] Mounted Huge Pages File System.
[[0;32m  OK  [0m] Mounted POSIX Message Queue File System.
[[0;32m  OK  [0m] Started LVM2 metadata daemon.
         Starting Create Static Device Nodes in /dev...
[    9.188350] Loading iSCSI transport class v2.0-870.
[    9.289915] nf_conntrack version 0.5.0 (8192 buckets, 32768 max)
[    9.325510] iscsi: registered transport (tcp)
[[0;32m  OK  [0m] Started Monitoring of LVM2 mirrors,â€¦sing dmeventd or progress polling.
[    9.410541] EXT4-fs (sda1): re-mounted. Opts: (null)
[[0;32m  OK  [0m] Started Remount Root and Kernel File Systems.
         Activating swap /swapfile...
         Starting Load/Save Random Seed...
[    9.521401] ip6_tables: (C) 2000-2006 Netfilter Core Team
[    9.581052] random: crng init done
[    9.582993] random: 7 urandom warning(s) missed due to ratelimiting
[    9.592482] iscsi: registered transport (iser)
[[0;32m  OK  [0m] Started Load Kernel Modules.
         Mounting FUSE Control File System...
         Starting Apply Kernel Variables...
         Mounting Kernel Configuration File System...
[[0;32m  OK  [0m] Started Load/Save Random Seed.
[[0;32m  OK  [0m] Mounted Kernel Configuration File System.
[[0;32m  OK  [0m] Mounted FUSE Control File System.
[[0;32m  OK  [0m] Started Create Static Device Nodes in /dev.
         Starting udev Kernel Device Manager...
[[0;32m  OK  [0m] Started Apply Kernel Variables.
[[0;32m  OK  [0m] Started Journal Service.
         Starting Flush Journal to Persistent Storage...
[[0;32m  OK  [0m] Started udev Coldplug all Devices.
[[0;32m  OK  [0m] Activated swap /swapfile.
[[0;32m  OK  [0m] Reached target Swap.
[[0;32m  OK  [0m] Started udev Kernel Device Manager.
[[0;32m  OK  [0m] Started Uncomplicated firewall.
[[0;32m  OK  [0m] Started Flush Journal to Persistent Storage.
[[0;32m  OK  [0m] Started Set the console keyboard layout.
[[0;32m  OK  [0m] Started Dispatch Password Requests to Console Directory Watch.
[[0;32m  OK  [0m] Reached target Local Encrypted Volumes.
[[0;32m  OK  [0m] Reached target Local File Systems (Pre).
[[0;32m  OK  [0m] Reached target Local File Systems.
         Starting AppArmor initialization...
         Starting Set console font and keymap...
         Starting Tell Plymouth To Write Out Runtime Data...
         Starting ebtables ruleset management...
         Starting Create Volatile Files and Directories...
[[0;32m  OK  [0m] Started Tell Plymouth To Write Out Runtime Data.
[[0;32m  OK  [0m] Started Set console font and keymap.
[[0;32m  OK  [0m] Started Create Volatile Files and Directories.
         Starting Update UTMP about System Boot/Shutdown...
[[0;32m  OK  [0m] Started Update UTMP about System Boot/Shutdown.
[[0;32m  OK  [0m] Started ebtables ruleset management.
[[0;32m  OK  [0m] Started AppArmor initialization.
         Starting Initial cloud-init job (pre-networking)...
[[0;32m  OK  [0m] Found device /dev/ttyS0.
[[0;32m  OK  [0m] Listening on Load/Save RF Kill Switch Status /dev/rfkill Watch.
[   17.550661] cloud-init[543]: Cloud-init v. 19.2-36-g059d049c-0ubuntu1~18.04.1 running 'init-local' at Tue, 03 Dec 2019 08:40:29 +0000. Up 17.01 seconds.
[[0;32m  OK  [0m] Started Initial cloud-init job (pre-networking).
[[0;32m  OK  [0m] Reached target Network (Pre).
         Starting Network Service...
[[0;32m  OK  [0m] Started Network Service.
         Starting Wait for Network to be Configured...
         Starting Network Name Resolution...
[[0;32m  OK  [0m] Started Network Name Resolution.
[[0;32m  OK  [0m] Reached target Host and Network Name Lookups.
[[0;32m  OK  [0m] Reached target Network.
[[0;32m  OK  [0m] Started Wait for Network to be Configured.
         Starting Initial cloud-init job (metadata service crawler)...
[   21.264100] cloud-init[685]: Cloud-init v. 19.2-36-g059d049c-0ubuntu1~18.04.1 running 'init' at Tue, 03 Dec 2019 08:40:32 +0000. Up 20.50 seconds.
[   21.280746] cloud-init[685]: ci-info: ++++++++++++++++++++++++++++++++++++++Net device info+++++++++++++++++++++++++++++++++++++++
[   21.288547] cloud-init[685]: ci-info: +--------+------+-----------------------------+---------------+--------+-------------------+
[   21.293999] cloud-init[685]: ci-info: | Device |  Up  |           Address           |      Mask     | Scope  |     Hw-Address    |
[   21.301486] cloud-init[685]: ci-info: +--------+------+-----------------------------+---------------+--------+-------------------+
[   21.312110] cloud-init[685]: ci-info: | enp0s3 | True |          10.0.2.15          | 255.255.255.0 | global | 02:82:7a:7b:51:94 |
[   21.319582] cloud-init[685]: ci-info: | enp0s3 | True |  fe80::82:7aff:fe7b:5194/64 |       .       |  link  | 02:82:7a:7b:51:94 |
[   21.328472] cloud-init[685]: ci-info: | enp0s8 | True |       200.111.111.111       | 255.255.255.0 | global | 08:00:27:bd:4a:0b |
[   21.342257] cloud-init[685]: ci-info: | enp0s8 | True | fe80::a00:27ff:febd:4a0b/64 |       .       |  link  | 08:00:27:bd:4a:0b |
[   21.369226] cloud-init[685]: ci-info: |   lo   | True |          127.0.0.1          |   255.0.0.0   |  host  |         .         |
[   21.378632] cloud-init[685]: ci-info: |   lo   | True |           ::1/128           |       .       |  host  |         .         |
[   21.403468] cloud-init[685]: ci-info: +--------+------+-----------------------------+---------------+--------+-------------------+
[   21.409257] cloud-init[685]: ci-info: +++++++++++++++++++++++++++++Route IPv4 info++++++++++++++++++++++++++++++
[   21.416371] cloud-init[685]: ci-info: +-------+---------------+----------+-----------------+-----------+-------+
[   21.435464] cloud-init[685]: ci-info: | Route |  Destination  | Gateway  |     Genmask     | Interface | Flags |
[   21.444478] cloud-init[685]: ci-info: +-------+---------------+----------+-----------------+-----------+-------+
[   21.460552] cloud-init[685]: ci-info: |   0   |    0.0.0.0    | 10.0.2.2 |     0.0.0.0     |   enp0s3  |   UG  |
[   21.469192] cloud-init[685]: ci-info: |   1   |    10.0.2.0   | 0.0.0.0  |  255.255.255.0  |   enp0s3  |   U   |
[   21.517898] cloud-init[685]: ci-info: |   2   |    10.0.2.2   | 0.0.0.0  | 255.255.255.255 |   enp0s3  |   UH  |
[   21.529641] cloud-init[685]: ci-info: |   3   | 200.111.111.0 | 0.0.0.0  |  255.255.255.0  |   enp0s8  |   U   |
[   21.538193] cloud-init[685]: ci-info: +-------+---------------+----------+-----------------+-----------+-------+
[   21.544009] cloud-init[685]: ci-info: +++++++++++++++++++Route IPv6 info+++++++++++++++++++
[   21.558127] cloud-init[685]: ci-info: +-------+-------------+---------+-----------+-------+
[   21.573153] cloud-init[685]: ci-info: | Route | Destination | Gateway | Interface | Flags |
[   21.580966] cloud-init[685]: ci-info: +-------+-------------+---------+-----------+-------+
[   21.588618] cloud-init[685]: ci-info: |   1   |  fe80::/64  |    ::   |   enp0s8  |   U   |
[   21.592490] cloud-init[685]: ci-info: |   2   |  fe80::/64  |    ::   |   enp0s3  |   U   |
[   21.599247] cloud-init[685]: ci-info: |   4   |    local    |    ::   |   enp0s3  |   U   |
[   21.606170] cloud-init[685]: ci-info: |   5   |    local    |    ::   |   enp0s8  |   U   |
[   21.612381] cloud-init[685]: ci-info: |   6   |   ff00::/8  |    ::   |   enp0s8  |   U   |
[   21.621007] cloud-init[685]: ci-info: |   7   |   ff00::/8  |    ::   |   enp0s3  |   U   |
[   21.628580] cloud-init[685]: ci-info: +-------+-------------+---------+-----------+-------+
[[0;32m  OK  [0m] Started Initial cloud-init job (metadata service crawler).
[[0;32m  OK  [0m] Reached target System Initialization.
[[0;32m  OK  [0m] Started Message of the Day.
[[0;32m  OK  [0m] Started Discard unused blocks once a week.
[[0;32m  OK  [0m] Listening on Open-iSCSI iscsid Socket.
[[0;32m  OK  [0m] Started ACPI Events Check.
[[0;32m  OK  [0m] Started Daily Cleanup of Temporary Directories.
[[0;32m  OK  [0m] Listening on UUID daemon activation socket.
[[0;32m  OK  [0m] Started Clean PHP session files every 30 mins.
[[0;32m  OK  [0m] Listening on D-Bus System Message Bus Socket.
         Starting Socket activation for snappy daemon.
[[0;32m  OK  [0m] Listening on ACPID Listen Socket.
[[0;32m  OK  [0m] Started Daily apt download activities.
[[0;32m  OK  [0m] Started Daily apt upgrade and clean activities.
[[0;32m  OK  [0m] Reached target Timers.
[[0;32m  OK  [0m] Reached target Paths.
         Starting LXD - unix socket.
[[0;32m  OK  [0m] Reached target Cloud-config availability.
[[0;32m  OK  [0m] Reached target Network is Online.
[[0;32m  OK  [0m] Reached target Remote File Systems (Pre).
[[0;32m  OK  [0m] Reached target Remote File Systems.
         Starting Availability of block devices...
[[0;32m  OK  [0m] Listening on Socket activation for snappy daemon.
[[0;32m  OK  [0m] Listening on LXD - unix socket.
[[0;32m  OK  [0m] Started Availability of block devices.
[[0;32m  OK  [0m] Reached target Sockets.
[[0;32m  OK  [0m] Reached target Basic System.
         Starting LXD - container startup/shutdown...
         Starting Snappy daemon...
         Starting Dispatcher daemon for systemd-networkd...
[[0;32m  OK  [0m] Started FUSE filesystem for LXC.
         Starting Login Service...
         Starting A high performance web server and a reverse proxy server...
         Starting OpenBSD Secure Shell server...
[[0;32m  OK  [0m] Started Regular background program processing daemon.
         Starting LSB: automatic crash report generation...
         Starting Virtualbox guest utils...
[[0;32m  OK  [0m] Started Deferred execution scheduler.
         Starting System Logging Service...
[[0;32m  OK  [0m] Started D-Bus System Message Bus.
         Starting Clean php session files...
[[0;32m  OK  [0m] Started irqbalance daemon.
         Starting The PHP 7.2 FastCGI Process Manager...
         Starting Permit User Sessions...
         Starting Accounts Service...
         Starting LSB: Record successful boot for GRUB...
         Starting MySQL Community Server...
[[0;32m  OK  [0m] Started System Logging Service.
[[0;32m  OK  [0m] Started Login Service.
[[0;32m  OK  [0m] Started Unattended Upgrades Shutdown.
[[0;32m  OK  [0m] Started Permit User Sessions.
         Starting Hold until boot process finishes up...
         Starting Terminate Plymouth Boot Screen...
[[0;32m  OK  [0m] Started Hold until boot process finishes up.
[[0;32m  OK  [0m] Started Serial Getty on ttyS0.
         Starting Set console scheme...
[[0;32m  OK  [0m] Started Terminate Plymouth Boot Screen.
[[0;32m  OK  [0m] Started OpenBSD Secure Shell server.
[[0;32m  OK  [0m] Started Set console scheme.
[[0;32m  OK  [0m] Created slice system-getty.slice.
[[0;32m  OK  [0m] Started Getty on tty1.
[[0;32m  OK  [0m] Reached target Login Prompts.
[[0;32m  OK  [0m] Started LSB: automatic crash report generation.
[[0;32m  OK  [0m] Started A high performance web server and a reverse proxy server.
[[0;32m  OK  [0m] Started LXD - container startup/shutdown.
[[0;32m  OK  [0m] Started LSB: Record successful boot for GRUB.
         Starting Authorization Manager...
[[0;32m  OK  [0m] Started Virtualbox guest utils.
[[0;32m  OK  [0m] Created slice User Slice of vagrant.
[[0;32m  OK  [0m] Started Authorization Manager.
[[0;32m  OK  [0m] Started Accounts Service.
[[0;32m  OK  [0m] Started Session 1 of user vagrant.
         Starting User Manager for UID 1000...
[[0;32m  OK  [0m] Started Dispatcher daemon for systemd-networkd.
[[0;32m  OK  [0m] Started User Manager for UID 1000.
[[0;32m  OK  [0m] Started Snappy daemon.
         Starting Wait until snapd is fully seeded...
[[0;32m  OK  [0m] Started Wait until snapd is fully seeded.
         Starting Apply the settings specified in cloud-config...
[[0;32m  OK  [0m] Started The PHP 7.2 FastCGI Process Manager.

Ubuntu 18.04.3 LTS ubuntu-bionic ttyS0

ubuntu-bionic login: [   34.898696] cloud-init[1049]: Cloud-init v. 19.2-36-g059d049c-0ubuntu1~18.04.1 running 'modules:config' at Tue, 03 Dec 2019 08:40:45 +0000. Up 33.05 seconds.
[   41.537990] cloud-init[1384]: Cloud-init v. 19.2-36-g059d049c-0ubuntu1~18.04.1 running 'modules:final' at Tue, 03 Dec 2019 08:40:52 +0000. Up 40.16 seconds.
[   41.539673] cloud-init[1384]: Cloud-init v. 19.2-36-g059d049c-0ubuntu1~18.04.1 finished at Tue, 03 Dec 2019 08:40:53 +0000. Datasource DataSourceNoCloud [seed=/dev/sdb][dsmode=net].  Up 41.46 seconds
